// Jest Snapshot v1, https://goo.gl/fbAQLP

exports[`<Notifications /> NotificationItem renders without crashing 1`] = `ShallowWrapper {}`;
