// Jest Snapshot v1, https://goo.gl/fbAQLP

exports[`<Footer /> Footer renders without crashing 1`] = `ShallowWrapper {}`;
