// Jest Snapshot v1, https://goo.gl/fbAQLP

exports[`<Login /> Login renders without crashing 1`] = `ShallowWrapper {}`;
