// Jest Snapshot v1, https://goo.gl/fbAQLP

exports[`<CourseList /> CourseList renders without crashing 1`] = `ShallowWrapper {}`;
