// Jest Snapshot v1, https://goo.gl/fbAQLP

exports[`<Header /> Header renders without crashing 1`] = `ShallowWrapper {}`;
