// Jest Snapshot v1, https://goo.gl/fbAQLP

exports[`<Notifications /> Notifications renders without crashing 1`] = `ShallowWrapper {}`;
